// Jest Snapshot v1, https://goo.gl/fbAQLP

exports[`<TextContent /> should render the heading 1`] = `
<main
  class=""
>
  <h1>
    TextContent
  </h1>
</main>
`;
